<?xml version="1.0" encoding="UTF-8"?>
<testsuites name="GutTests" failures="0" tests="27" >
  <testsuite name="tests/test_ai_manager.gd" tests="1" failures="0" skipped="0" time="0.000356" >
      <testcase name="test_ai_manager_instantiates" assertions="1" status="pass" classname="tests/test_ai_manager.gd" time="0.000356" >
      </testcase>
      </testsuite>
  <testsuite name="tests/test_audio_manager.gd" tests="4" failures="0" skipped="0" time="0.00074" >
      <testcase name="test_audio_manager_instantiates" assertions="1" status="pass" classname="tests/test_audio_manager.gd" time="0.000181" >
      </testcase>
      <testcase name="test_set_master_volume" assertions="1" status="pass" classname="tests/test_audio_manager.gd" time="0.000186" >
      </testcase>
      <testcase name="test_play_sfx" assertions="1" status="pass" classname="tests/test_audio_manager.gd" time="0.000265" >
      </testcase>
      <testcase name="test_play_music" assertions="1" status="pass" classname="tests/test_audio_manager.gd" time="0.000108" >
      </testcase>
      </testsuite>
  <testsuite name="tests/test_colony_manager.gd" tests="2" failures="0" skipped="0" time="0.000323" >
      <testcase name="test_colony_manager_instantiates" assertions="1" status="pass" classname="tests/test_colony_manager.gd" time="0.000174" >
      </testcase>
      <testcase name="test_colonies_dict_initially_empty" assertions="1" status="pass" classname="tests/test_colony_manager.gd" time="0.000149" >
      </testcase>
      </testsuite>
  <testsuite name="tests/test_combat.gd" tests="1" failures="0" skipped="0" time="0.001745" >
      <testcase name="test_ship_combat_interaction" assertions="3" status="pass" classname="tests/test_combat.gd" time="0.001745" >
      </testcase>
      </testsuite>
  <testsuite name="tests/test_data_manager.gd" tests="4" failures="0" skipped="0" time="0.000637" >
      <testcase name="test_technologies_are_loaded" assertions="1" status="pass" classname="tests/test_data_manager.gd" time="0.00018" >
      </testcase>
      <testcase name="test_get_technology_returns_valid_tech" assertions="2" status="pass" classname="tests/test_data_manager.gd" time="0.000203" >
      </testcase>
      <testcase name="test_get_technology_returns_null_for_invalid_id" assertions="1" status="pass" classname="tests/test_data_manager.gd" time="0.000119" >
      </testcase>
      <testcase name="test_tech_tree_data_is_loaded" assertions="1" status="pass" classname="tests/test_data_manager.gd" time="0.000135" >
      </testcase>
      </testsuite>
  <testsuite name="tests/test_debug_manager.gd" tests="2" failures="0" skipped="0" time="0.000302" >
      <testcase name="test_debug_manager_instantiates" assertions="1" status="pass" classname="tests/test_debug_manager.gd" time="0.000122" >
      </testcase>
      <testcase name="test_log_action" assertions="1" status="pass" classname="tests/test_debug_manager.gd" time="0.00018" >
      </testcase>
      </testsuite>
  <testsuite name="tests/test_empire_manager.gd" tests="4" failures="0" skipped="0" time="0.000692" >
      <testcase name="test_empire_manager_instantiates" assertions="1" status="pass" classname="tests/test_empire_manager.gd" time="0.000113" >
      </testcase>
      <testcase name="test_empires_dict_initially_empty" assertions="1" status="pass" classname="tests/test_empire_manager.gd" time="0.000122" >
      </testcase>
      <testcase name="test_register_empire" assertions="1" status="pass" classname="tests/test_empire_manager.gd" time="0.000234" >
      </testcase>
      <testcase name="test_get_empire_by_id" assertions="2" status="pass" classname="tests/test_empire_manager.gd" time="0.000223" >
      </testcase>
      </testsuite>
  <testsuite name="tests/test_galaxy.gd" tests="1" failures="0" skipped="0" time="0.005744" >
      <testcase name="test_galaxy_generation_runs" assertions="2" status="pass" classname="tests/test_galaxy.gd" time="0.005744" >
      </testcase>
      </testsuite>
  <testsuite name="tests/test_galaxy_manager.gd" tests="2" failures="0" skipped="0" time="0.000324" >
      <testcase name="test_galaxy_manager_instantiates" assertions="1" status="pass" classname="tests/test_galaxy_manager.gd" time="0.000175" >
      </testcase>
      <testcase name="test_star_systems_dict_initially_empty" assertions="1" status="pass" classname="tests/test_galaxy_manager.gd" time="0.000149" >
      </testcase>
      </testsuite>
  <testsuite name="tests/test_game_manager.gd" tests="3" failures="0" skipped="0" time="0.00048" >
      <testcase name="test_game_manager_instantiates" assertions="1" status="pass" classname="tests/test_game_manager.gd" time="0.000124" >
      </testcase>
      <testcase name="test_initial_game_phase_is_setup" assertions="1" status="pass" classname="tests/test_game_manager.gd" time="0.000192" >
      </testcase>
      <testcase name="test_set_game_phase" assertions="1" status="pass" classname="tests/test_game_manager.gd" time="0.000164" >
      </testcase>
      </testsuite>
  <testsuite name="tests/test_main_menu.gd" tests="1" failures="0" skipped="0" time="0.070976" >
      <testcase name="test_main_menu_scene_loads" assertions="2" status="pass" classname="tests/test_main_menu.gd" time="0.070976" >
      </testcase>
      </testsuite>
  <testsuite name="tests/test_static_analysis.gd" tests="2" failures="0" skipped="0" time="0.043529" >
      <testcase name="test_no_redundant_function_calls" assertions="1" status="pass" classname="tests/test_static_analysis.gd" time="0.028469" >
      </testcase>
      <testcase name="test_type_consistency" assertions="1" status="pass" classname="tests/test_static_analysis.gd" time="0.01506" >
      </testcase>
      </testsuite>
  </testsuites>